// Vitest Snapshot v1, https://vitest.dev/guide/snapshot.html

exports[`cx() > ignores falsy values 1`] = `""`;

exports[`cx() > merges styles 1`] = `"_test_98a1e0 _another_98a1e0"`;
