// Vitest Snapshot v1, https://vitest.dev/guide/snapshot.html

exports[`makeTable() > returns array of arrays with given fields 1`] = `
[
  [
    "Ontime Â· Schedule Template",
  ],
  [
    "Project Title",
    "",
  ],
  [
    "Project Description",
    "",
  ],
  [
    "Public URL",
    "",
  ],
  [
    "Backstage URL",
    "",
  ],
  [],
  [
    "Time Start",
    "Time End",
    "Event Title",
    "Presenter Name",
    "Event Subtitle",
    "Is Public? (x)",
    "Note",
    "Colour",
    "End Action",
    "Timer Type",
    "Skip?",
    "user0:test",
  ],
  [
    "00:00:00",
    "00:00:00",
    "test title 1",
    "",
    "",
    "x",
    "",
    "",
    "",
    "",
    "",
    "test",
    "test",
    "",
    "",
    "",
    "",
    "",
    "",
    "",
    "",
  ],
]
`;
